// Jest Snapshot v1, https://goo.gl/fbAQLP

exports[`should add crossOrigin to manifest tag when loadManifestWithCredentials is true 10`] = `
{
  "files": [
    {
      "contents": "{
  "name": null,
  "short_name": null,
  "description": null,
  "dir": "auto",
  "lang": "en-US",
  "display": "standalone",
  "orientation": "any",
  "start_url": "/?homescreen=1",
  "background_color": "#fff",
  "theme_color": "#fff",
  "icons": [
    {
      "src": "/android-chrome-36x36.png",
      "sizes": "36x36",
      "type": "image/png",
      "purpose": "any"
    },
    {
      "src": "/android-chrome-48x48.png",
      "sizes": "48x48",
      "type": "image/png",
      "purpose": "any"
    },
    {
      "src": "/android-chrome-72x72.png",
      "sizes": "72x72",
      "type": "image/png",
      "purpose": "any"
    },
    {
      "src": "/android-chrome-96x96.png",
      "sizes": "96x96",
      "type": "image/png",
      "purpose": "any"
    },
    {
      "src": "/android-chrome-144x144.png",
      "sizes": "144x144",
      "type": "image/png",
      "purpose": "any"
    },
    {
      "src": "/android-chrome-192x192.png",
      "sizes": "192x192",
      "type": "image/png",
      "purpose": "any"
    },
    {
      "src": "/android-chrome-256x256.png",
      "sizes": "256x256",
      "type": "image/png",
      "purpose": "any"
    },
    {
      "src": "/android-chrome-384x384.png",
      "sizes": "384x384",
      "type": "image/png",
      "purpose": "any"
    },
    {
      "src": "/android-chrome-512x512.png",
      "sizes": "512x512",
      "type": "image/png",
      "purpose": "any"
    }
  ]
}",
      "name": "manifest.webmanifest",
    },
  ],
  "html": [
    "<link rel="manifest" href="/manifest.webmanifest" crossOrigin="use-credentials">",
    "<meta name="mobile-web-app-capable" content="yes">",
    "<meta name="theme-color" content="#fff">",
    "<meta name="application-name">",
  ],
  "images": [
    {
      "contents": null,
      "name": "android-chrome-36x36.png",
    },
    {
      "contents": null,
      "name": "android-chrome-48x48.png",
    },
    {
      "contents": null,
      "name": "android-chrome-72x72.png",
    },
    {
      "contents": null,
      "name": "android-chrome-96x96.png",
    },
    {
      "contents": null,
      "name": "android-chrome-144x144.png",
    },
    {
      "contents": null,
      "name": "android-chrome-192x192.png",
    },
    {
      "contents": null,
      "name": "android-chrome-256x256.png",
    },
    {
      "contents": null,
      "name": "android-chrome-384x384.png",
    },
    {
      "contents": null,
      "name": "android-chrome-512x512.png",
    },
  ],
}
`;
