// Jest Snapshot v1, https://goo.gl/fbAQLP

exports[`should generate svg favicon 1`] = `
Object {
  "files": Array [],
  "html": Array [
    "<link rel=\\"icon\\" type=\\"image/svg+xml\\" href=\\"/favicon.svg\\">",
  ],
  "images": Array [
    Object {
      "contents": "<svg xmlns=\\"http://www.w3.org/2000/svg\\" xmlns:xlink=\\"http://www.w3.org/1999/xlink\\" version=\\"1.1\\" viewBox=\\"0 0 1024 1024\\" width=\\"1024\\" height=\\"1024\\">
  <image width=\\"1024\\" height=\\"1024\\" xlink:href=\\"data:image/png;base64,iVBORw0KGgoAAAANSUhEUgAABAAAAAQACAYAAAB/HSuDAAAACXBIWXMAAAPoAAAD6AG1e1JrAAAgAElEQVR4nOzdfaxm21kYdmbu2L74g28TQ4PBKESJSKQ0FFWV0P2DNn+0TUWUqsHXJhJS0yaqZEhDSsGUGM/nmbPXft9zzszYse/FNiYGjItN+DQQ3KQ0EIIDJHzEmISqIalkmTAXpWrD3DlrVfvz3e97zpl7Zs4579rvu38/aWmGC/dy756191nPep71rM/4DAAAAAAAAAAAAAAAAAAAAAAAAAAAAAAAAAAAAAAAAAAAAAAAAAAAAAAAAAAAAAAAAAAAAAAAAAAAAAAAAAAAAAAAAAAAAAAAAAAAAAAAAAAAAAAAAAAAAAAAAAAAAAAAAAAAAAAAAAAAAAAAAAAAAAAAAAAAAAAAAAAAAAAAAAAAAAAAAAAAAAAAAAAAAAAAAAAAAAAAAAAAAAAAAAAAAAAAAAAAAAAAAAAAAAAAAAAAAAAAAAAAAAAAAAAAAAAAAAAAAAAAAAAAAAAAAAAAAAAAAAAAAAAAAAAAAAAAAAAAAAAAAAAAAAAAAAAAAAAAAAAAAAAAAAAAAAAAAAAAAAAAAAAAAAAAAAAAAAAAAAAAAAAAAAAAAAAAAAAAAAAAAAAAAAAAAAAAAAAAAAAAAAAAAAAAAAAAAAAAAAAAAAAAAAAAAAAAAAAAAAAAAAAAAAAAAAAAAAAAAAAAAAAAAAAAAAAAAAAAAAAAAAAAAAAAAAAAAAAAAAAAAAAAAAAAAAAAAAAAAAAAAAAAAAAAAAAAAAAAAAAAAAAAAAAAAAAAAAAAAAAAAAAAAAAAAAAAAAAAAAAAAAAAAAAAAAAAAAAAAAAAAAAAAAAAAAAAAAAAAAAAAAAAAAAAAAAAAAAAAAAAAAAAAAAAAAAAAAAAAAAAAAAAAAAAAAAAAAAAAAAAAAAAAAAAAAAAAAAAAAAAAAAAAAAAAAAAAAAAAAAAAAAAAAAAAAAAAAAAAAAAAAAAAAAAAAAAAAAAAAAAAAAAAAAAAAAAAAAAAAAAAAAAAAAAAAAAAAAAAAAAAAAAAAAAAAAAAAAAAAAAAAAAAAAAAAAAAAAAAAAAAAAAAAAAAAAAAAAAAAAAAAAAAAAAAAAAAAAAAAAAAAAAAAAAAAAAAAAAAAAAAAAAAAAAAAAAAAAAAAAAAAAAAAAAAAAAAAAAAAAAAAAAAAAAAAAAAAAAAAAAAAAAAAAAAAAAAAAAAAAAAAAAAAAAAAAAAAAAAAAAAAAAAAAAAAAAAAAAAAAAAAAAAAAAAAAAAAAAAAAAAAAAAAAAAAAAAAAAAAAAAAAAAAAAAAAAAAAAAAAAAAAAAAAAAAAAAAAAAAAAAAAAAAAAAAAAAAAAAAAAAAAAAAAAAAAAAAAAAAAAAAAAAAAAAAAAAAAAAAAAAAAAAAAAAAAAAAAAAAAAAAAAAAAAAAAAAAAAAAAAAAAAAAAAAAAAAAAAAAAAAAAAAAAAAAAAAAAAAAAAAAAAAAAAAAAAAAAAAAAAAAAAAAAAAAAAAAAAAAAAAAAAAAAAAAAAAAAAAAAAAAAAAAAAAAAAAAAAAAAAAAAAAAAAAAAAAAAAAAAAAAAAAAAAAAAAAAAAAAAAAAAAAAAAAAAAAAAAAAAAAAAAAAAAAAAAAAAAAAAAAAAAAAAAAAAAAAAAAAAAAAAA4KgUwuUUwlOxKC6n3d1Lj/uM0u3bl1NRPJXK8nIqy8f++wEAAIALUgXqKYQr6erVYwP2tLd3Kc1mV9Lzzz+d7tz5nHhw8Nq0t/d5KYRXpb29l6U7dy6f+M/e2bmSyvIpf3gAAACQQZ3hL4ojAX8qy9fHsvyaVJbfmEIoUgg/lEL4pRTC/5VCeCGF8O9SCP9PO/5dDOFTKYTfiCH8dCqK51JZfkuazf6LNJt9Zdrff+XSP/v27Utpd7eqMFAZAAAAABepKu8/8tfK8j9JZfldKYSfSCH8Tgoh1aMoHm90f0/z99+PIfyjGMK7UgjPpvn885b+f+7uVpUBNgIAAADgvM/2L/3PZflnUgh/KxXFb6YQHgyD/lgUh6koqr/2sB2HKYT4iFH97w9jUVT/ty+monhxdWMghvDpFMIPpLL886ksP6f/96gqEWwEAAAAwPlm/FMIX1eV9ccQ/nApa18F71XgHsLD2AT11V/rAvx0mlH/fc0/s9sUqP551WZAXNkQ+NVYlm9NZflF/b/X7dv6BAAAAMDjqrLqcXe3D6pTCH8hhfDzK2X6VXB+WAXuXdAfHzPoP2HE9p/TbyK0//yuQqD7v/vUYVneSLPZ67p/z7hSqQAAAACcIA6y/mk2+5oUwk8NMvBVMF5l5uusfJ/tv/gx3BCoqg2q0VUO/N8phP8x7e+/vP53rhoFzmb6AwAAAMBJ0mxWZ9DTwcHnpBD22qx7XeIf27P8VXZ+mPVf81g6JhCH/QJC+HiazZ7p/1vKUjUAAAAAHBf4178viq9NIfzzQbl/joz/aTYCun+XptngYmPgenrHO660/y16AwAAAEBXMt89iVSW3z5o7NcE/k/Q0G9do2sc2FYk9McCUgh/P5XlG+r/pqJQCQAAAMC0pbbRX7p791UphO8fBNYPz7Gp39qOBtQbAd2xgBA+lUL42va/0yYAAAAA09SVx6fZ7IvqDv9VAF0112vO+o8263/iBsByf4BuE+BBKsu/XP13xlu3NAYEAABgWtLubnNGfm/v9SmEXz9y1n+zgv/VSoDu33t4ZeBfq/97b992QwAAAADTyvwfzudvSCH8dpvtf9Cdp9/QwH9pE2DQG6DpC1D9viz/ev3ff+2aSgAAAAC2Wwqhy/x/eQrhX7RB8osbWPL/OJsAh30lQLcJcOOGSgAAAAC2UyqKJvifz6vg/19ucfC/tBHQBv9HNwFUAgAAALBtYtfwryy/bMsz/0fGCZUA31Q/l+vXL8XZzJEAAAAAtijz3wT/vz1o+Fc3+6sD5BEE6uuoBOh7AgwrAa5ftwEAAADAllz1V5ZfvhT8t53+JxL8v/RxgOvXLyWVAAAAAGz6mf84LPtvft3qsv9TbAKoBAAAAGDzpd3dOvMf9/e/9EjZ/3SD/0dVAnxT1xgwzeeOBAAAADB+aXe3yfzv73/ZYQifbMv9J9Hw73E3AU66IjD3nyEAAACcKvOf5vOq4d9S8F+d+Rf8n/6KQJUAAAAAjP3M/xu6sv+pXPV3IZsAKgEAAAAYmxRCk/lvzvz/1kSv+jvPTYC31M/z2jX9AAAAABiHFEKX+X/94TD4b36V+T9rJcDNm5cdBwAAAGAcmf/mzP9S5l/wf/ZKgNhuAkSVAAAAAIwg8983/BuW/Tvz/wQbAC/REyDNZo4EAAAAkCXz//oUwidWGv51wWzus/Vbc0XgYdsTQCUAAAAAa5OK4kjw35f9y/yfywZAfKlKgPlcJQAAAAAXJ+3uXhl0+18N/mX+L6AS4NhNgOvXbQAAAABwMdLubpP5Pzh4fXfmf1D276q/NR0H6DcBrl27pCcAAAAAF5X5/5IUwj9fzfzXJev5z85veyXAw8HtAN9U/3ncuHHZVAcAAOBcpNu3n3pE8K/b/xo2AR7ZE6CqBNATAAAAgHPJ/O/tVWX/Mv/jqwToGwOa6QAAAJyp239sgv9Fw7/qV5n/rJUAx/YEuHpVJQAAAACPJxVFl/n/oymE31wK/rtsdP6z8VMdx20CND0Bbt5UCQAAAMBjZ/7/6GEb/Pfd/rssdP4geOrjSE+A/jjAtWuuCAQAAOCUZ/5ns6rhXxP8F0Xf7b8t/c8d/BovtQlw8+ZljQEBAAB4ZOa/Df41/NuMjYYTbweIV6+qBAAAAOCEM/+zmTP/m7YBcPwmQN8TQCUAAAAAtRRCk/nf2/sPUgi/oeHf5t4OoCcAAAAAx0ohDDP/gv8tqwToewLcuHE5zWaOBAAAAEy6238ITdl/FUgOG/7p9r8tVwS6HQAAAOAzpl72H8IX95l/wf9WbQIc2xPg+vVLegIAAABMrew/hOrM/6/3Z/5l/rdxE+DhkUqA69cdBQAAAJhM5r85878I/rsgUdn/VlcCdD0BYlUJoCcAAADAll/1V5bHNvyrO8nnD1qNC9gEiINKgFiW31zPA5UAAAAA2yft7jaZ//n8i1IIv1YHh92Zf5n/KfYEeEs1H+K1a3oCAAAAbF3mfz6vGv79mjP/k94EOFoJcPPm5dxzFAAAgHO66i/t7wv+8wfhY7wisNkEUAkAAACwBZn//f2+23/U8G/SIz5qE+DGDZUAAAAAG5z5r878/7NB2X/X6E/Dv4lvAhzXE6CqBMg9dwEAADilFMKVE4L/qvGf4H8EQfhINwH0BAAAANgUKYThmf/lzL/gP3vgPfZNgL4xoEoAAACADcj8z2Ya/o0gwN6AUR0DObkS4MaNy2k2cyQAAABgTGKX+Z/NXpdC+Kdd5n/Q9M2Z//wB98b1BIgqAQAAAMZX9h+HwX9ROPM/guB6kysB+uMAN25cjvO5SgAAAICcYtftfzarGv796mrwL/OfPbjepHHyFYHXr9sAAAAAyN7wryyr4P/XZP6zB9AbP+IjNgHi9euX9AQAAABYs1QUTcO/snxdn/l31V/2AHpLRrcJ8LDbBDhsewJUxwG87AAAAGuSdnebzP98/kei4D93sLyt4+TbAapKAD0BAAAALlba3W0y/wcHVeb/V/rMf9e4rSh0+88fPG/bJsDD4xoDetcBAAAuSGwz/3F/f+mqv0GgJvjPHzRPphIgXr2qEgAAAODCMv97e1XZf535j8785w6OJ9sTIHU9AW7eVAkAAABw7mf+9/e/sAv+q8z/oGO7zH/+IHm6PQGuXXNFIAAAwDmf+f/lPvPfBWGC/9yB8ZTGyZsAN29e1hgQAADgjGf+0/7+Urf/QcZf5j9/UDy10VWdHN0EuHpVJQAAAMDjSkXRnfn/wi7z3zb8Sxr+ZQ+CpzziCZUAfU8AlQAAAACnFENoMv/z+WtXgn/d/vMHwMZLHQdQCQAAAPDSUhv8x/n8j6QQ/kkf/DvzL/DejEqAZhNgZ8ftAAAAAKfI/C9f9VcUzvznD3iNkzYCjm4C/A/1PA5BTwAAAICTMv9V2X9sM/+xKPoz/676E4CPvRJgqTFgCN9Qz+eyrOc1AAAAy2X/VfD/8TqIaoL/LrDS7T9/oGu81EZAE/w/bH99kMryz9Xzu73NAgAAYNJSUXSZ/2O7/Qv+Bd6bsvnQz9WieNj+tU+nsvyKan7H3V09AQAAgOlKITRX/ZXl61J75r/N/LvqbwQBrfEEz6DrV1EUD9rNrJ9P8/kr6nk+m+kJAAAATDjzv7f3BcNu/3UWtfm9sn9B+CZuQlTztzu60t1esVvPdTcDAAAAU5N2d5vM/8HBa1N35n9Q9i/4zx7EGmfdBBhuBlS/L8v/bHjTBQAAwNbrGqKlO3e+sG/412X+h+eoDc9gg+dAbKsA6o2t5mjLr8QQXlXP/aJwFAAAAJhI5n9//7Xdmf+6TFrmP3vAalzIM+gqALqjAG+t539RaAgIAABMIvNfnfn/pS74d+Zf8D2RowDVr7+f5vMvqd8DDQEBAICtDv7v3v2COAj+26BoGCgZnsG2zYHYbgA0VwOW5UH9LugFAAAAbGvwH5uGf/940PBvkR3NH6QZnsHFbgIUxWH7+3+bQviK+t1wFAAAANi6zP/+/muHDf/qQEi3f5sOU9l06G4CCOFBPe/L8u31e+FaQAAAYNvK/rsz/33mX/CfPyg11t4McNDv4nfTwcFn5X5HAQAAzjP4//w4LPt35l/gPd2Nh7hyFODN9TsSghsBAACAzRSLojnzP59Xmf86+I9FIfOfPwA18j+DRTPAEH68ek/0AQAAADZSaoP/NJt9flX2H535zx1wGmN6Bs3tF4d1JUxRfCqF8Cfq90UVAAAAsElie61Z2t//vBTCL/ZX/Tnznz/wNMbWC6A7DvNX6nemKK7kfn8BAAAeL/PfBP//yFV/2QNNY9zPoNsAeJ9PDAAAsDFi1/Bvb+/zu+C/PfPvqr/8gaYxvmcQu2MAMYTfibOZ2wAAAIAN6vY/n1fd/uuy/zRo+Fdfe5Y/4DI8gzHNgfo6wFgUzbtRll9Zv0MhXMr9PgMAAByrO7ec9vZWy/67ZmeC//zBpjHGZ1AF/+11gLEsv7F6j6JGgAAAwJiv+kvzeRX8/8LSmf/m94L/3EGmMeZn0G8ApBBm9btkAwAAABhxw7/qzP8/7oP/5lfBf/7g0tiMDYCH7e8/OnyvAAAAxnXmf9jwr8v8C/5zB5XGZj2Dh+2m2a/U79R3fqceAAAAwMi6/b/jHZ+bQvjFuGj4p9t//mDS2KRn0DQArDcAYgj/ouqjUb9bs5lNAAAAYCTB/717nxtD+PmlzL8z//kDSmPTnkG1AVBfBZhC+DepLN9Qv19laQMAAAAYQdn/vXuLbv8y/7kDSGPzn0G9ARBD+L1Uln+6fsfK8rJvHQAAkEW6fbsr+++7/cv8Zw8cje14Bl0FwP1Ull9Vv2duAgAAALIG/3fvfk6f+Vf2nztoNLavAuAPUghfXb9rNgAAAIBsZf9N8P9/CP6zB4vG9m4A3E8h/If1+2YDAAAAyBL8N93+f6HP/Dedy6vfd78anoE58IRzIC42AD6dZrOvrN+52UwPAAAAYP1X/XXd/gX/glwbHRd6C8DvxrL8kvq9C8EtAAAAwBrP/N+7V5X9L1/1J/MvCLYRcn5zoKmmeVi9Y4ch/Fbc339N/e7NZjYAAACAtZ75/zln/gX8Av4LnQP9BkAK4Zfqd+/qVeX/AADAWs/8/8Olsv/m98782xCwIXDeGwBF8bD9/Yer9y8WRf0eAgAArDv4H2YqBX+egTlw/hsAh+3vr9XvoBsAAACAi5LajGM6OPis4VV/0Zl/wa4Nj4ueAzF2GwBl+V/X76EGgAAAwEUG/3Fv77NTCP/74Mx/1aBM5l8AbBPkIs//t1dq1lcBhvCG+l20AQAAAFzUVX/xzp2l4L/O/Av+Bb42Py50DsQm+G+uACyKX01F8UpfOQAA4KK7/fdl/878C/wF/uubA7EoHrS/32vfSzcAAAAAF3Dm/+7d6sz/P3DVn6Bf0L/2ORCHNwDEsvxL7bt5xbcOAAA43+B/5cy/sn+bADYB1jgHmvfuYfVrDOF30mz2uvq9nM0u+dQBAABn1t0vnu7c+ayVhn/O/NsAsAGw5ux/bLP/KYTvrd/P9lgOAADAeV31V535/7ml4L/pQl7/angG5sAaNgCqzH/VBLB6D8vyP63fTdl/AADgHDP/r+nP/BdFn/kX/Av6Bf1rzP43m29N9/8Qfjndu/cyXzkAAOA8u/1XZf9/X9m/YF+wn3EONFf/VZsAzY0bZfnXhu8pAADAWRv+LYL/otDwzyaATYB8c6Dp/N9k/z95WJafV7+jZan5HwAAcMbg/86dvtt/1PBP4GvzI+ccaPptdM3/yvJbqnc0lqXsPwAAcMbg/+7d6sz//9aX/XdNxzT8sxFgIyBH5r/ahOvO/n8i3b37Kt84AADgiXVXiaWDg0XDv0G3//YMsgDYMzAH1nz2v222WZf/x7J8tn5Pd3cv+9wBAABnPfP/sdVu/zL/gl4bH9nO/XdVOFUVwEd83gAAgCeWQmiC/7J8zXHd/l31J/gX/GcN/rvS//tpPv+K+l2V/QcAAJ44+J/NXtNn/rsz/4PmY4ZnYA6seQ50lTeLxn//bf2uuvYPAAB4XLEL/ufzVw/L/gcZf8G/wF/gnyPzv+i78aD9a+/1hQMAAM4U/Mei6Mv+Yxf8O/Mv6LXxkXMOdO/gg/bXX0x7e59Zva+pLC/55AEAAE9S9v/qOCz7F/wL/AX+eQP/o03//s9Ulm+o39ey1PUfAAB4orL/V6UQfrYNPB52Jcca/tkEsAmQJ/iPVd+NQfCfQvi9NJt9Vf2+lmX93gIAADxe5r8oFsH/8Kq/ReM/wzMwB/Jk/h+2v76Q5vOvqd7XePu24B8AAHiC4H8+r8r+/95Swz9n/gW7Njzylf0fzfxXwf8z9ft669YV3zkAAODxy/5ns6rb/8868y/gF/CPNvN/P3bB/86O4B8AADi97uxwms9fmQaZ/y7wcOY/exBoTPMZHJv5F/wDAABPJLbBf5zNqjP/P6PsP3vQZ3gGww2APvMfh2X/Mv8AAMATZf739paCf1f9CcIF4ePL/Av+AQCAswX/+/uvPq7sv7vyz/AMzIHsmf/7gn8AAOBs3f739qoz/z9dBxnO/At0bXaMpuFfVPYPAACc41V/xwb/Mv/Zg0Bjos8grgT/yv4BAICzB/9FUZ35/6k68CiKF7vAQ/CfPwg0JvkMjrvqz5l/AADg7MF/1O0/d8BneAbLGwDLDf/uu+oPAAA465n/z6wz/02Zscy/INRGxAgz/13wH131BwAAPFHwH8JnxkHZ/6DcX7d/GwE2AnLMAVf9AQAAF1D2XzX8++jqVX/12X/Br+DXHBhF5t9VfwAAwNmC/9ms7/bfnjGW+Rfw2vTIWPYf28x/HJz5F/wDAABnveqvKvv/SWX/Al6bHuPM/EeZfwAA4DzO/B9X9u/Mf/Yg0Jh45n/Q7V/ZPwAAcObg/5WpKH7Smf/sQZ/hGfQbADL/AADAuZf9D6/6k/kXhAvC82b+0zFn/rur/pKr/gAAgMeRynIY/P9EHWwMr/pbNP4zPANzYI1zoL5pown+dfsHAADOJpXl5frX+fzpLvjvz/x3GUhBr6DXHFh/5n9R9l9n/jX8AwAAzp75Pzh45ZHMv4Z/gn5Bf+7S/+pXmX8AAOCcMv937lRl/z/ZBf9dybHMvw0AGwB5Av/BO9if+U/O/AMAAGc881+V/f+4q/4E+4L90cwBmX8AAOCcM//7+0vBv8x/9sDPmPYzGJ75V/YPAGOUyvJSdXVW2t19Kt2+ffnUf9+tW5fqv6f6e0O4nGazSxf7bwowyPw3Zf8/5qq/7EGf4Rk0c6C96m9Q9v+Cq/4AYASqYL1aRKebN08M+NPBwVNpPn95ms9fkUJ4OhXFy9Ns9rK4t3dioJ92d690mTmACwv+9/ePXvXnzL9AXCA+psy/M/8AkFOdpQ/hSPCeZrPXpqL46lSWfzGF8K0phHsphB9OIfxcCuGfpRA+kUL47VQUv5lC+HgK4WdiCN+XQridyvK/T2X551IIfzK9610vP/LPLorLNgSAc/qGNcF/UfQN/1JRPOwCj7r8XwBoE8AcWH/w32b+o8w/AIxn0dyJ9+5dSrPZV6Wy/PYUwo+kEH4jhfDv28X0yaMp7zv+r4fwqRjCL6QQnk9l+Q1pf/91S/8/d3aqagJHBICzZf739p6Obea/LjOW+RfwC/hzzgFn/gFgNOf6V0rxUwj/USqK70oh/Hq7cF4N5B/EEB7U5XshPIwhHKbhKIr619j87x62/4wHscrALW8GVOMPUgg/GsvyzWl//4v7f4eiqPoNOCIAnFrsMv/NmX/Bv4DXpsfIMv/DM/+u+gOANUtF0Wf80927L09l+eYYwkf7H9CLcdgG8VUAXwX4dfnsKctomx/8iwxAtTFQ/fNf7BcE7YZADOFfpRDuptnsz/T/Xru7VRWCjQDgkWKX+Z/NhmX/Mv/5gz9j2s/g2DP/Gv4BwBpV5/vTjRt1mX28c+cVqSy/sT3DP8zyV9dkVYF/rAL92ATx3XjixcDK1VvdqBYFi02HEP6/FMIHUghf1f07x8FmBcDSN62tYopFUTUi/VEN/7IHfYZn0Pycl/kHgLyq6/j63zfN/H5pEPhXwfhqxuyim2UN/3+tbgRU/y7Ppdnsy/p/Z8cCgOE3rcv83737dB/8O/MvABeAZ58D8WjmX9k/AKxLrK7zu369zvqnEP5YCuHDg8C/z/a3mwDrCPyXNwGObjp0C4Zq/F4K4Zv7/5bBJgYwXX3mvyybzH/zTVP2L/jNHvxOfDRVg878A0DexliVFMJ/l4ri99sS2eo8f9/kb0RXYy02A7qKgOavfyyV5Z+s/ztu3bqcZjO3BcDEz/wfNg3/ftyZ/+zfbcMzWP0Z3p/51/APANZc8p/m89eksnx/F+z3pf7N/7zujP9jbQLU1QmLjYDfT2X5pv6/ryxtAsBEM/9pPn9Fe0VptaFZVTINK4lyf8MMz2Bqc2BYzafbPwBkC/739v5ECuGftln+6lq+w01ZJA8W9IsFRfM/7/T/nSvXGALbK3VX/e3tvVzDv/zfaMMzWNoAWDnzr9s/AKxJKoomQ1aWz6QQPr16NrYt948bmFWoNi8OY/P7D8b5/On6v3NwzAHYTl0T0HRw8IpYZf5d9Zf722x4Bidm/gX/ALDurtgh/Jf1lXrNef/6rP/gOr+NXWC01xJ2i4yfTrPZZw3/u4HtPfOf5vO+23/bwFTZf/7vszHtZ7AU/Edn/gFgfWJ3NjaEr0sh/OHgvP9Yz/o/6UKj+vVB+/ufTWX56vq/2yYAbG+3/729l6UQ/q7gP/t32PAM6p/DrvoDgHFk/r+uvQe7+gH9cIuC/+M2AbpKgJ9Ns9lrhs8B2KLg/9696sz/D3ebmjL/2b/DxtSfwTFX/Sn7B4B1d8VuMv9NZnxxxd82Bf9HbwlYbAJ8zCYAbF9FU7xzpwr+P+LMf/bvruEZND9/Vxr+xRBecNUfAOQJ/rtO+duY+T9NJcDH0v7+a4ZnhoENbvjXdPuvy/5jUTyMy41Mc3+DDM9ganOg2nTv3sHu5+59mX8AyHnmf7sz/6fZBPiZNJ+/qn0uNgFgQ4P/GEJ15v/Dq5l/wX/2764xzWdwJPOv7B8AMmf+qwzZhIL/R20C/HSazzUGhE3N/DfBf9PwL4Q+8z+h75rhGYwy8z8886/sHwDWfSXWdM78n74nwGJx8jNpNms2AVQCwOYE//v7L+8z/01DU8F//m+sMd1nMLyGt8/8C/4BIEPmvw92p5n5P26RsmgM2Py+2gRwHAA2Jfgvyyrz/8Pt+/uwf6+bb1vub4zhGUxtDlSB/2rm35l/AMh01V995r8Pdqcd/A8XK6ubAB+NRfHK9rnpCQBjDf6Loto98VcAACAASURBVAr+f0i3/+zfUcMzWPqZ2mX+dfsHgJF0+6/P5gn+VxcscZCx+Gicz7tNgPo5AiMK/ufzK33wr+xfAC4AH1PDP2f+ASBn5r878y/z/9ibAD/VHwdwRSCM7cz//9pdLdZ1+dftP3sQaEz3GTjzDwC5pNmsuxJL5v/xMxj1r12vhBjCR9P+flMJYBMAxlL2/+E64B9c9aeiKXsAaEzzGQwb/nU/N+9r+AcAec78L3X7V/b/xFcE/sThnTufOXy+QIbjTLu7V7rMf/V+uuove/BneAYy/wCQS3Tm/2I2AZrS4h9Ps5meAJAr+H/uuSr4/1B3xrgL/pX9C8IF4dkz/676A4B1i8tn/psyPFf9nd8mQLPI+anD+VwlAKw7+H/nO182PPM/PK4j+LMBYA5k2gAYlP2nEF6I8/kz9fu6s3PFRxIA1tTtf1D2r9v/eVYCLBY5VSVAswngdgC4+O/a3t6i278z/4JdGx5jzPzfF/wDQIbM/2rwn1z1d1GVAD+a5vNXtM/dFYFwUcH/u971VF/233zXNPwTAOcOgKc8qvdv6aq/GMILGv4BQIbMf3fVX3dmXfB/fouepUZj3fMN4UdSCE9Xzz/aBIDz/669+91V8P+DMv/Zgz7DM2h+/i1+FjrzDwCZg39n/teT+ah/HZx5/LF09+7Twz8P4By+a3fuXImL4F/mXwBqEyJz5j+uZP6d+QeADIvkOCj7b+/DlvlfUyVAtQkQm9//aNrbe8XwFgbgyb9r6eBg6ao/Zf+CXxsg4zvzr+wfAPKW/Wv4t6bF0ODKsWFjwL+b9vdfXv252ASAM3zXvvu7n4ohfLAvM3bmX/BrA2R0mX/BPwCsSVq+6m8p81//kHYlVrbbAWIIH4l372oMCGc4898H/zL/An+B/xjmwGrm31V/AJDzzL9u//kXRquVAPHgoK4EcDsAnOK71jbQjAcHffAfi+Jhd9xmUHFjeAbmwHp/vsn8A8AYM/+6/Y/odoDm9z+cisImAJwy+G/P/HdX/TnzL9AX6I/nZ1ud+Y/O/ANAnsx/1/BP5n/0lQAfTvP5lerPzRWB8Ijg//btyymEH2g3M535z/89M6b9DIZX/XXH25T9A0DOzH9/D70z/+NaNC3KlZs/nxB+SCUAPCL4v3fvqTr4l/nP/f0yPIOln2WDzL/gHwDWJc1mJ5751/BvYyoBPpLu3XtZ/efoikBYDf6/v93M7Mv+nfnP/h0zpvkMjmT+dfsHgHyZf8H/Zi2iul+78skP95sA7aYOTLrhX1FUwf8Pyvxn/14ZnsHqmf8u+L/vqj8AWJMuUxyXG/7VmX9l/xvbGPBDaW+v2dRRCcCUe5k0Z/6/vw82litnsr+/hmcwsTkQVxv+ueoPANYoDjL/0VV/G72o6sqZ+9sayvJD6c6dujGgTQAmGfy/733D4F/Dv/zfKWPiz6A+TqjsHwBG1e1fw7/NHcuVAN0mQFFcGZZDwzaL3Xft+ecvxxC+b+nMf/ee5H9XDc9ganPg2My/sn8AWPOZ/3jMmX9l/5s7ugVW+2t3O8CH0s2bKgGYzqbm3bvNVX+L71rzXjQ3mWR/Tw3PYGJzoHr/Vq/6ux/n82fq93Vnp/75BACsJ/P/h+3CWOZ/W3sCNH/tB/pGj3oCsM3fteeeu1Rn/tuKpqX3YQTvp+EZTLjbvzP/AJAz+Jf5n8SCa9EToNoE2N+3CcD2lv1/6EOXUhf8O/Of+ztkeAZHMv/K/gEg31V/zvxPsyfAB9PduzYB2BqxveqyOvOfQviAq/6yf3cMz6D5uePMPwCMK/PfXfXXnotVHrvFC7C4ugnw7nc388FxALbhu1YUl1NZfn89vwdn/n3Xsn+DjGk+g6rybDXzf1/DPwBY81V/cXDmX7f/aS3GjukJ8IGqUVo1L9wOwEaX/b/3vZdSWf6dpW7/gv/c3xxj2s9g6cx/1O0fAMZx5l/mfzqLseHtAHVPgGZx9oH0nveoBGBzv2sf/GAf/LcVTYL//N8bY7rPwJl/ABjLmf/YnvnX7T9MfXHW/Looy/y+dO+eSgA2RlexUv2ayvJ767kt85/722J4Bum4bv/K/gFgTVLbGKsq+9ft3+L0xJ4Aze+/L/3gD14aBlcwRt38jHt7l2JZfqAN/heZf/1MBOK+93k2lxfBvzP/ALBuuv1bBD9BJcD3puefbzYBNAZkzJn/b/u26qo/mX/fOZsdI5kD3REzmX8AGNmZf9mx/AulEY0jlQAphPena9dsAjA6w8qULvhvjzMNM/+53ynDM5jaHHDVHwCMKPO/dNWf4D/7QmkjbgdIIfyd9P732wRgfJn/shxm/jX8y//9MDyD1bL/F+J8/kz9vu7sXMn97QCAKWX+64Z/Mv8WqC+1QD1yO0Dz1793dV5B1jP/OzvDbv8y/75tNh9ybx4fvervvoZ/AJCx27/g3wLxCc5vxr5iJITvGcwvmwDkLvt/f5f5H85XgbDvnDmQYQ5UR25WMv+CfwDIm/mvM7lRR2yLw7McByjL963OM1jnd639tn1PG3T0mf/22+b99gzMgcyZf8E/AIyk4Z/g38LwSRd2bYa1qQQoy/evzjdYx3et/f33nHDm3waAb5zgf83Bf72uaH5GyPwDwBgy//0Zbpl/C8Pzuh2gOSKgEoC1ftfa3/dX/fVl/zL/vm02PsaS+b+v4R8ArImGfxbBa1roNT0Bmt+/Z3X+wUV814aZ/2r+DRtVyvz79tkAWH/wL/MPAOO56k/m34L44jYCFuXWL8bm9989mIc2Abio4P99XeZ/qSLFuy74NQfyZP+Xu/1r+AcAYzjzr+zf4vjcsz7LmwBdJcB7u/kYy/KSt5/z+q6tBP/O/Pum2fDIOweq7/+RM//K/gEgY+Zft38LxHVlf9oMbLMILMvFcYDZTCUA59ftv+1l4qo/3zYbINnnwJEz/676A4A1iYPMf1yU/ev2n3+BNIXRn7teuh0ghOe6+ZlUAnD24P+9g4qmYcM/pf/5vwHGdG+EqTd9lf0DQKbMfxf89/e0WyDnXihNZgzuXe9vB1jaBFAJwFmD/yrYcOY/+7tuTP4ZrGb+nfkHgHXpgipn/ie/IBvVedA0rAQoy+f7+aoSgMcP/t/TZf5Xyv5l/vO/88Z0+770Z/6V/QPAmsTlM/8a/uVfHBmLYwDNYrE7hhLCYhNAJQCnD/7fF1fK/nX7953xrc23AeDMPwCMIPO/euZf2b8FcvYF8qIzdHMcoNkQ+Nv9/FUJwCO+ay+R+c8/vw3PYKJn/pX9A0AGsSiGZ/6XMv/tOWyL5PwLpsmPLmirfo2Ls6KLTYDZzBWBPDr4r+aN4H/y3xLf08xzYHG0y1V/ALBuKYQm81+Wf34Q/Gv4l3uBZJycOVr0BOgaA76rn882ATha9v/dg++azL9vi+/riDL/uv0DwBqlEJrMf1l+bQrh38v8Wxhu2AJy2BhwsQngOMCkdZua7e/f1x1nGlaQqGrK/h4b03sGVQ+X1cz/fQ3/AGBNUlf2P5//6RTCv+3v31X2n3uRZJxyMTloDNhUApTlO/r5bRNgklaC/yOZfw3/fF98Y/ME/878A8AIymPTwcEXpBA+WQf9bfDvOiwL5E1bUMblSoDFJkAIegJMvOy/7hUh85/7XTWm/QyG17m66g8AckohfKQtj31Q/6DW8C/3Qsk4S2PARU+Ad3ZzPBaFTYAJiMvB//NdsKHbv2+K7+r4uv3H+fyZ+l3d2bmS9cMBAFMQd3e7jv9/U1dsi+Nt6wlQX13Z/L7fBHAcYFKZ//e0m5lN5n84R/LPVcMzmHrm35l/AMhS+l+WfzaF8P+2P5AP3YedfaFknM9iszvj3W0C3O3mfnQcYPvP/Jflc/VcKIpF5r+pavJ+eQbmwJrnQDwm86/hHwCsUZcFTR//+KUUwsf6XfkueLJAtEDchmxTu/CsKwGqv16Wd1bfAbZDHPx5dsF/++c+vOrPty3/u2lM6xkc1+1f8A8AuTJlKYS/Wv+QbhfK9Q/q/AsGwzM4lznQLTxXGgPeOy5oZEvK/geZf93+fUt9S/POAZl/ABiRNJt9bgrhXyn9t0ie4O0A/XGANJvZBNhgw0qOutt/E/w/XCn7t7GZ/100pvUM4iD4rzP/MYT7Gv4BQAapKOpOuymEt3eLZXdiZ18sGRe8GO3LwBebAPv9O6ESYJsy/33w3/aA8G55BuZAhg0A3f4BYARSUXSl/19cZ/+7DQALZQvE6XSgrjcBYrMJsNe9G1ElwOZm/svy3UfO/Mv8537njGk+g+FNLP2Zf5l/AMgk3b7ddf7/G+0P5gfDhmmGZ7Dlc2DpisB2E+Cgfz9UAmxi5v9d9Z/t0YZ/ueea4RlMcQ5o+AcAY5MODp5OIXzC2f/sCyUjxzM4rhIgBMcBNjPz35f9970ebGb6rvi2Zgn8j2n458w/AIwha5bK8r/qAyFXY1ksT7wxYF023ixWZ/274jjA+DP/IfSZ/0HgoeFf/vfLmOIzOOaqP2X/AJBZ2t19qv41hA91C2elsiNYOBm5nsGwUZxNgM3q9v+323P+L650+/c+eQbmwLq/oyuZ/xjCC2k+f6Z+V3d26qbDAMCapRC65n9fGhdX/zXd0A3PYJpzYFiyWlUCHLZ/fT54b1wROALxuOA/BJn//O+QMe1nUH03u41UmX8AGOnVf28e7NRr/pd/AWWM8YrAwSbAMPgkb9l/DOHdfbDhqr/c740x7WdwXObfmX8AGIu0s1MHMSmEdw66/3c/xHMvJAzPIN8c6HphdMcBFpUAoX9/bALk+W7J/Ps2+jaOOvM/PPOv7B8ARiaG8OoUwm+0gU4V5Aj+8y+kjLFWAjS/L7r3xyZAnmNLSxuXRdFn/n2/sr8vxjSfwXDDtPtOCv4BYEy6c8xpNvtj7SK6uyrLBkD+xZQxnmcwPBJT/XrYLm7L7l2KbgfIkfmvg//6toblsn/fr/zvjDHFb6Ru/wCwGWdoY1k+W/0Qb5udWTznX0wZ43wGy1cEVn+tLB0HWPP3qr/qrws2ZP5zvxeGZ7B05j+FcF/ZPwCM+waAnXoBYwPAQtZC9tEbAMvHAZqeAGV5u3unVAJc0LdqUGGRQnjH4LYSmX/vrO/2OL6JzvwDwNilEJ5qf/2RdgOguT7LgtKC0hx4yUqAtuFVdztAvwmgJ8A5f6dms8tHgv/uW+XMv2+Vb9UYqqKc+QeATZBu3uxuAPgn/Q9xiykLanPgNIve4xoD7vbvltsBzv/Mf1neW9qoXAT/Ni29s77bmTL/9dWbza8a/gHAJpTUpr29z04hfHKwi28xbTFtMf0Y2a+lxoCD4wA2Ac7xzH9ZvvOE4N9c9QzMgfyZf2f+AWDsuuAkleXrUwi/2/4Q1wTQYtpi+jEWwV0wWl+fuWgMeHP1PePJbihpfy/z77vkuzSOOeCqPwDYVHHRAPArUwifHmwA5F5gGJ7BJs2BvgS93Qzo3qGbxwWzPPZVf3XwP7zqT+Y/+5w3pvsMlsr+UwgvxPn8mfpd3dm54vsGAJtxA8Cfrcv3uixm/gWG4Rls3hw4vifArf59UwlwKnH5zP/dI8G/I0r557oxxWdwbOZf8A8AG3i+Ns1mX51C+AMVANkXWMY2XRG42EyzCXD6b9Iw+H9H/fwGwX97Q4lz//nnujHdpqddwz9n/gFgUzcA4mzWVwA4ApB9oWVs/jPoFsqH/RWBZXl98N45DvDSwf+d+rnJ/Oeey4Zn4Mw/AGxdBUBZ/ik9ACx0LXTPaQ40JepdlrrvCXA43ARob+DgaNl/DKEP/gcNFmX+faN8ozJsZsaVzL+yfwDYhlsAZrMvTSH8a7cAWGAKMi6wJ0Dz12/0759NgKXvUP37EA7qgF/DP++i7/HoMv8xhBeShn8AsLm6zuSpLD87FcUn22Cl+kHvjK3FZ+7F57b1BKiuCKyGTYCX6Pa/VPYv8597DhvTfAZHMv/O/APAlkjXrzebACH88iDzlnvxYXgG29oToGkMWJZv79/Bvb1JHgcYXo0YB5n/lbL/3H92hmcw5W+Wbv8AsG1iUTxV/ZpC+LH6B3+3AM+/ADE8g22ZA3HwTh2/CTCfX5rsVX9t8C/zn32eGp7BkW7/1Zl/Zf8AsEVSCE0jwBButxsAhzYALIQthM9/DgxKavvGgKksr05tE+DY4D+EPvPvmj/fH9+fPHMgHpP5F/wDwPZuALx5cFZZBYBFuEX4xTbVOpziJkAcND5MIdw9oeGf74/vj+9Pvn4lXeb/vuAfALa7EeAfbysAnL21+Lb4Xk+WrT8OEEN4W/0evu1tl7b1doDhf1cKYb8r+5f597755mafA0uZ/6rbf9TtHwC2W9zbe3UK4ROuAsy+EDOmejtAWf6t6l1Mb33r1m0CLAX/ZblfP4dB5r89diTzn39uGtN6Bsdl/pX9A8C2S7dvdzcBvGtlIWB4BubAGioBBscBvqt+F2/dujS8Im+Lgv+9E4J/88wzMAdybAAI/gFgelIIV6pfY1n+5TowKYoXZeQsRgUk6+0JMLgdoD4OUL+TG14JsFL2f9B+X5z5933xfRlP5r8r+3fmHwAm2Ajwy1MI/3pwDMAizTMwB9a3EO8bcMYQ/pe+EmBDNwHi8Zn/6rui4Z/viu/KOG4kUfYPAFOViuKp6tcYwoe7ztz1IsFC1ULVHLj4ObAI/KsAuekJ0G0CfMd3bNwmwPD4QirLefvfqOGfd8n3NHPm31V/AEAtlWVXBfAXBpk653Mt2C3Y17QwH1y/ubiKs2sMePPmxmwCdDeLvETwb3PRt8W3Zc3Bfzom86/bPwBMXDo4eOVhCL81KEnuFuwWa56BObCeRXr37jWbcGX5nfW7ubs7+k2ApeC/uuqvDf5Xyv7NI8/AHMh85j858w8ApKLoqgC+tV24P1AFYKEqWFnvQj0uNwbsAua31u/mtWuXNiL4L4pZ+w05lPn3DfENGV/mP83nz9Tv6s5O3QQYAJjyMYDZ7EtSCP+myxa4pssC3gI+y6J96XaAWJbfXr2f8e1vv5T29y+N9sz/IvhvMv+LDKR55BmYA/kz/4J/AODolYAphBtdM0B3dVu0ClzWvwEQh40Bu9+X5XfU7+eNG5dGGfyHMBvcItIE/c2/uw0A3xHfEZl/AGCs0nz+2u5KwDYAkcWzgLeAX/ccWJTu9j0B+uMAV69eSnt7l0Z05n+vzzQ68+9d8b3MPQec+QcAHq8XwGEIb6kX9EXx4kqXcsMzMAfWX8LbVAJUvy/L/7l+V69fvzSGzP9hm/mvjit0R4baX30zfCt8KzJl/qMz/wDAaXSdxtNzzz2VQvgHw+ZB+gFYzApo8mXzhscBUll+a67jAHE5+C/bjcI+8+874TvhOzGazL8z/wDAS4ttFUAsy/84hfCgPwLgKICFreAmz6L++E2Ab6vf07e9bW2bAMOrCFMX/B8t+5f59574Vmb6Ruj2DwA8kbS7+1T9a1l+e7XAiI4CWNAKanLPgf44QFzZBFjHcYCl4L8s627/daNQ3f5zzwtj4s8gHs3834+u+gMAnrTMN4XwE+2iYlENIMuXfdFnTPR2gNVKgBD+p/qdvcBNgKVu/2UZBsF/3STUmf/sc8OY5jNw1R8AcH5SWTZHAWazL0oh/MulfgCaAuZe+BnTfAZHjwM07+XfrN/Zq1frd/YCM/998D/IOir5zz8vjGk+gyNl/zL/AMCZpLJsjgLMZl8dQ/iDlTJDlQD5F4DGBJ/BIPheVALMZk0lwNWrly4o+C/q/z+D4L/dCLQBMII5YUzqGcRjyv41/AMAzrkfwGz2nw+uFqrKfwUA+ReCxjSfwTAAGDYGrDcB0q1bZ64EiIPg/7A985+K4lDDv+x/9sbUn8Gi8qe7oceZfwDgfKXbt+tNgFiW/027AOkCjzoYkQUcwaLQmHIg0DQGbH7/N856ReBSD5CTM//5//sNz2C6R4Bk/gGAi5WKorsZ4M1tQNBXArQZSEFB/gWiMe1KgOavl2WzCbCzc/ksDf8OF8F/n/nX8C/7n7kxzWcwbALan/lPuv0DAGu6HvAb2sCga0ZWL1BsAmRfJBrTfAZHjwOE8C31u/oYtwOsnPnfbd/x5qo/Df9y/xkb030Gx3b71/APAFiLGEK3CfBsGyAsyhFVAuReKBrTfAbDAKHZkGt+X28CxFNUAqT5/Lhu/8785/+zNab9DPrM/6Db/32ZfwBgrVK7CRBXKwEWwUjuRZPhGUxxDixfEVgF8WX51+t39hGbACuZ/9v13+eqv9x/loZnkFYz/1HZPwCQexNg5TiASgCLVoFLzg2AxQbcoidACN980ibACcH/4aC3gKM93mnvdJ7NvCNn/pX9AwCj2wSoA49FMGLh6BmYA+ueA4s+AMPbAZpKgBs3Lh8b/Icg8+9d9a6OZw7I/AMAo98E6HsCDBoVyR7mX0ga03sGR3sCVH+9Ow5w69blNJstNgJCKNq+Ac785/+zM6b9DIbvrjP/AMDoewIsXxG4uDYs96LK8AymOAeObgKE8JaVd3dnULmj23/+PzNj2s/gSLd/Df8AgE06DjDcBLARkH9xaUzrGcTuLH9/XWfzXr6lL/tfZP7r/713NfufmTHxd3WQ+Rf8AwDjFoui2QQI4c1LjQGb39sAyL/INKb5DJYqAeqmYiF8tP59d3Xn4shO7n9XwzOY4hyQ+QcANnsTIJblm47cDqASIPci05jmM+iD/JVKAGf+8//ZGNN+BsN3s/s5eV/ZPwCwUVJXCTDoCaASIPtC05j2M1jN9FfBRpfxd0Qn/5+PMcVnsLjqrz/z76o/AGAjxZOuCFQJkH/RaXgG5oA5YA6MZUOu65XTn/mPOztXcv8MBwA4S2PAkyoBnDm2CBeImQPmgDkwpTlQBf5LDf+GwX8S/AMAW7IJ8Gy3CaASIPsC1PAMzAFzwBwYR+bfmX8AYPuvCOzPPKoEsAgXiJkD5oA5MMHMv6v+AICpbQLoCZB/UWp4BuaAOWAOrDnzr+EfADCd2wFms74nwGAxpCeAIEQQYg6YA+bAts2BGGX+AYCpSrdvd5UAb1y6j3yxCZB7sWZ4BuaAOWAOmAPnl/1fvurvvqv+AIBJSTs7i9sBFpsAKgEsuAVd5oA5YA5sXeY/OvMPAEzdYBPgTd0mQJchiSoBci9cDc/AHDAHzIEzzIF4zJl/V/0BAJOmEsACW5BlDpgD5sAWN/yru/3HEF5Q9g8AsLwJ8MYTjgPkXswZnoE5YA6YA+bA6TcAln+OOfMPADAU202AOOgJMGiY5HYAC2/BlzlgDpgDY58DrvoDAHjcTYBhTwCVANkXtIZnYA6YA+bA42X+67J/Z/4BAM7QE6BtDOhIgGBEMGIOmAPmwJjmQDyu4Z8z/wAAj3cc4KSeADYB8i94Dc/AHDAHzIFqDrRX/Q0y//d1+wcAOHslwKFNAAtuQZc5YA6YA2M78z+4wtZVfwAAZ9wEOKkngEqA/AtgwzMwB8yBKc6BGNvMfxyc+Vf2DwBwPo0Bh7cDqATIv/g1PANzwByY6hzQ7R8AYA2VAH1PgEG5pUqA/IthwzMwB8yByWX+nfkHAMjXEyD3otDwDMwBc8AcmNiZf1f9AQBcEFcEZl/8Gp6BOWAOTHUOVIH/aubfmX8AgHVsAkSVALkXw4ZnYA6YA1OaA13wr9s/AEDungBuB8i+ODY8A3PAHNjGOeDMPwDABlwRmHvRaHgG5oA5YA5s/hxw5h8AYKxXBKoEyL5YNjwDc8Ac2LaGf/WZ/xjCC2k+f6b+ubOzcyX3z0AAgMlRCZB9kWx4BuaAObB1c6C+Yla3fwCAUW8CPLtaCVAv4hwJyL6YNjwDc8Ac2LTM/+DnyH2ZfwCAEUm3bh3pCTC4p1lPgPyLasMzMAfMgU2YA0vBv6v+AABGSk+A7AtnwzMwB8yBbTjzfyT4j878AwBsVk8AxwGyL7ANz8AcMAfGOAeqwL/L/L/YBf/K/gEANmsT4I2DTYDDwXEARwLyL7gNz8AcMAdGeeY/OfMPALCxmwCuCMy/wDY8A3PAHBjjHIjxmMx/V/bvqj8AgM3vCaASIP+i2/AMzAFzYHRn/qOyfwCA7W0MqCdA9gW44RmYA+bAaDL/zvwDAGzXJsBJPQEEIZ6BOWAOmAPTmQPO/AMATK0nwOCqp6YDdP5FqeEZmAPmgDlwsYG/zD8AwNQ3AdrjABbenoE5YA6YA1s6B+LRbv/K/gEAprAJEE+qBLARkH2RbngG5oA5cO6Z/0XwX5/51/APAGB6lQDDngDDTQABiGdgDpgD5sD2zIGlzH8M4b6GfwAAEz8OsLIJYCMg/6Ld8AzMAXPgvDL/yv4BAKZssAnwJpUAAi2BljlgDmzdHNDwDwCAY68IVAmQf7FueAbmgDlwPoG/zD8AAKftCbByO4DjAIISgak5YA5syhw4etXf/TifP9N+76/4SQgAMHHHVQLEEA71BBjBYt7wDMwBc+CUmf/uqr/B7S6u+gMA4DF7AlQZJZUAghCBqDlgDox1DlSB/5Ez/zL/AACcbhOgKSVVCZB/YW94BuaAOfDo4N+ZfwAAzrIJEGezN3abAP390SoBBGICMXPAHBh15j+GcD858w8AwOP2BIizWV8JkPQEyL3QNzwDc8AcODbz78w/AABnkm7fbo4DDDYB+tsBVAIIxARi5oA5MKrMv4Z/AACcSWw3AR5RCSAI8gzMAXPAHFjzHOi6/feNWnX7BwDgnCsB+p4AfbmpSgCBj+DXHDAHsmb+nfkHAOBCNgFWKgGa4wAqAQSAAkBzwBxY5waAzD8AAPk2AVQCCAAFgOaAOXDBgf8i+HfmHwCANR4HKMvlTYDm93oCCAIFgeaAObCmzH901R8AABct7u52mwBvPOE4gI0AQaAg0BwwBy4u839f8A8AwNqkELpNgGdVAgh0BLvmgDmwvjP/gn8AANYuFsXxxwEWVwSqBBAYCgzNAXPgCQN/V/0BADAqabEJcKQSILoiJ5BfVAAAE/1JREFUUOAj+DUHzIEnmwMrV/3J/AMAMLZNgL4nQAzhUCWA4E/wZw6YA2c6899VVN1PGv4BADD6SoBqM0AlgCBIIGwOmAOnK/tvM//RVX8AAGzIJsCwJ4BKAIGP4NccMAeeLPOv4R8AAONvDBiPaQyoEkAQJBA2B8yBR2f+h2f+lf0DALBJlQBfv1QJMMxyCYQEQuaAOWAOLGX+Y7dZ6sw/AABbcBygKWvVE0DgJ/AzB8yBJvjX7R8AgK3eBFhUAgiCPANzwByY8hxYOvMflf0DALANPQFUAmQPNAzPwBwYZ8M/Z/4BANj6ngAqAfIHIYZnYA7k2gAYnPlPzvwDADCVngBRY0BBmEDcHJjGHIjxmKv+dPsHAGCbjwM8e6QSoGkMmHtxbngG5oA5cOGZf8E/AACT8MjbAVQCCD4Fn+bARK76k/kHAOAzpt4TIKoEyB2oGJ6BOXDOc6D+rjXBf93wL4ZwP87nz9TfwZ2dK7m/yQAAcKFUAgiyBNrmwMS6/R+56i8K/gEAmIpT9ATQFyB/AGN4BubAkwb/bea/u+pvGPzL/AMAMDknVAIc6gkg6BJ4mwPblPl35h8AAJYrAZZ7AlQZM5UAuQMZwzMwBx4z+I8rmf/kzD8AACyoBBBkCbTNgW3t9q/hHwAAPE5jQJUAuQMbwzMwBx4/8+/MPwAAPHYlQHWVlqaAAjBBuDkw3jkg8w8AAGfYBDjSE0AlQPYgx/AMzIGjgf+RM/+6/QMAwHlcEagSQAAmCDcHRjIH4jFn/gX/AADwmPQEyB/cGJ6BOXCqq/7qzH/U8A8AAM6+CRCPqwRoGgMKUDwDc8AcyDEH4tKVpYJ/AAA410qANy5tAjSL7iYLJwASBJsD5kCmzL8z/wAAcDGbACoBBLoCXXNgNJl/Z/4BAOBiGwO+afU4gEoAQbGg2By46MA/HhP8x/n8mfq7tLNzxYcfAAAuuBKg675tE0AAaBPAHLioORCPXvWn2z8AAKxtEyCEr68X4ssZOT0BBIE2AsyBizrz331n7rvqDwAA1r8J8KxNAAGvgNccuLCy/zbzHweZf2X/AACwZml398gmQAzhUCWAYNCGgDlwQZl/wT8AAIxpE8AVgYI/GwDmwDl0+nfmHwAAxiYuNgH6ngAqAQSANgHMAWf+AQBgYpUAGgMKBG0GmANnyfw78w8AAJt3HEAg6BmYA+bAS20ADL8brvoDAIANOA6gEkCgJ9g3B5z5BwCAiVQCfP0JxwEEhp6BOWAOPCrzfz/N58/U35GdnSu5v2kAAMApNgGiSgCBrkDXHDjFVX9R2T8AAGz1cQCBkWdgDkx4DsSV4L9q+CfzDwAAG74JoBIgf7BleAZjzPwPNgUF/wAAsOn0BMgebBmewdjmwOpVf/dd9QcAABO4IrDPBuYPSgzPwBzIkPnvgv+o4R8AAGwHmwCCSxsME58DRbGa+Vf2DwAAk7gdoAkIqiDgUCXACIIzwzNYc+Zfwz8AANhy6fbt5jhAWf6l1eMAdVdwxwEEojYjtmkOxNhm/uPgzL/gHwAAJiLt7HSbAMOeACoB8gdrhmdwoZn/KPMPAADTc8ImgMaAAlCbEFuW+XfmHwAAOHYTILaVAO1xgNxBjOEZmANPmv2X+QcAAE7YBNATQLAt2N6OwP/Imf/uqr/kqj8AAJi2dOvWiccBVAJkD+gMz+DUc6B+X5v3Vrd/AADgeHoCCLQF2lvT8K/O/Gv4BwAAnGYT4I2DngDDxoC5gxzDMzAHTtoAWG7k+YKr/gAAgNNuAny92wEEm/9/e3cPYtlVBwDcXadJI4LgByqCBhRLSSkpLAQbRXA2sUsrWFjZaGMTZub9z5tkwRTBIoWdrSBY2AoKYiGIHyiIaBOYRQQhmzlH7n33vnffx2xmMm/m3vvu7weH2Wyys+/dfRv4f57iGQz9GeS27b+z7f9C8A8AANx0J4BOgP4DPMczeHbrv8o/AABwG3YCCLwF3qOZ+df2DwAA3E7e0QmwcTuAvQD9B4LOFJ9Bc9Vfp+3/iav+AACAvXQC5M5OgHYxoCTAAAJBZ2rPYFfl38w/AABwdzsB1joBqmpk/4GR4xkc+mdg8Xdt8fdO5R8AALgbeXU7wLc7SYDLzhWBkgD9B4jO4T4DM/8AAMD9sRiw9yDQmXjlvzvz76o/AADgvpIAjzo7AXQC9B8kOhOa+bfwDwAAuO+dAN1xAIsB+w8WncN6Bir/AADAMMcBNjoB+g6eHM9g1J+BZsFmt/Kv7R8AAOj9isCtTgCLAfsPIJ3RPoOczfwDAAAj2QnQHQfoO5hyPIOxfQa2Zv4t/AMAAAa/E0AnQO/BpDPOhX+2/QMAAIPvBHj5iiRA38GV4xkM/TOwNfNv2z8AADD8JEATzGyMA0gE9B9kOiOp/Av+AQCAcSwGnM8fbVU0q8Vm/QdbjmcwtM/AWvCfzfwDAACj6wSYz6tOADsB+g8wnWE+g+yqPwAAYPTK6enVSYBFJ4BugP4DUKfPZ7Djqj9t/wAAwOiTAG2l004AQbfEw9rMf7sj44mr/gAAgENJAjzaanfWCSAYnl5CJOem8p9Xlf8LlX8AAOCQdwJcdq4INA7Qf2Dq3EPw76o/AABgMp0A2U4AgfbEK//dmX9t/wAAwBQWA7bBkE6A/oNT554q/+0ODME/AAAwqZ0AW0GRnQAC8cNLRlSf8c3Kv5l/AABg0jsB2sqofQD9B63OfhMA3dsvtP0DAACTHgdYTwLoBBCAH9bCPzP/AADAtO3aCdCZkdYJ0H8Q6+yp8m/mHwAAmLzuToC8qph2kwASAQLxsS78qyv/OeLCtn8AAIArdgJsLAbsO6hzPAOVfwAAgH12AuQdOwHqzgCdAJIQw05CuOoPAADguvKOnQBuB+g9sHWumwDotP1XM//5/PzF+vN8cnLk/wIAAABXjQOk9Cg396dvLAY0EiAoH3rl/0LwDwAAcMMkQLMHYLMTQBKg/8DXWQT+a1f95YgnFv4BAAC8jyRATumlzSSAnQCC7yFV/jvJKcE/AADArToBIqokgCsC+w96nSb4zxuVfzP/AAAAe7odoEQcd4KuS+MAgvEhzfxr+wcAANiDcna2GAdYdALYCSD4H1TlX/APAABwB0mAZhxg104A7emewd1X/9cr/676AwAAuIckgJ0AAv77a/tX+QcAAOgtCXB8RRJAJ4BnsNfPQN1hst5xYuYfAACg73GA5ZI2QbBEyB4X/rUz/1nbPwAAQP9JgM5stgSABMjeZv47lX8z/wAAAH0nATrb2XUCCP73Xvm37R8AAKBndgJo9b/Dmf82+DfzDwAAMJJxACMBEgXXqvxvLvxz1R8AAMDASALoBLh15d9VfwAAAKNMAtgJIClwq8p/OT9/sf48nZwc9f3ZBgAA4AY7AeogzziA6wG3N/1vXvV3kQX/AAAAw5d37AQoEZd2Agj+n7Ht38w/AADAGNkJINh/z6v+zPwDAAAc7k6ArBPACMAVlX8z/wAAAAeyE6Cz5X11RWD1c6rlU0oK5B3b/i8E/wAAAIe7E2CVBOg/KHXuMQGwsRhS5R8AAOCQ2Akw+SSDmX8AAICJ7wTQCTCN5ICZfwAAgImOAxx3tsDbCXDIgf8q+DfzDwAAMPVxADsBDvNklX8AAIBpu8ZiQMsBD6fy76o/AACAKet2Auy8IrD/INa5TQJgve3/ST4/f7H+8z45Oer7swcAAMCAdgLU7eMSAaOv/OeIiyL4BwAAwBWBB3RWSZxl5V/wDwAAwLUWA+oEGGflX/APAADAdZIAu3YC2Asw0OC/3eGQVf4BAAC4YRKguxPgUifAqCr/Fxb+AQAA8P6vCGxnzHUC9B30q/wDAABwbzsB+g5+ne1t/xb+AQAAcMskwGabuU6Aftv+d8z8a/sHAADg1kmAnNLxWhIgQidAvwmAVTIm4sJVfwAAAOyvEyCll5s9ADoB+gr8m+C/rfxr+wcAAGCv8mzWJgGqcYD1xYB2AvRV+TfzDwAAwJ0mAV6uFwEuKtBtMOp2gDsM/NvnXToz/9r+AQAAuDNllQRY7gSokwCLrgC3A5j5BwAA4ACTAFs7AZorAiUC9jzzr+0fAACAwewE2OgEkAS4bQKgueqv2/bvqj8AAAD67gTYrFRLAuyx8m/bPwAAAEPpBDheWwwYUbJOgPe38G+78n9h4R8AAABD3QlwaSeAmX8AAAAO+IrAzcWAdgJcs+1/x8y/yj8AAACj2AmQm04AOwFuvu3fwj8AAADGkAQ43gpq7QS4buXfzD8AAADj3AlQLwZcfHU9YCcBkHdU/rX9AwAAcBBJAJ0AV277F/wDAAAw+sWAm/faT7oTQOUfAACAg5LPzhZJgPn8UWcxYNvuvlh+N4CA/B5P7gT/deU/R1xY+AcAAMDolZOTNgmwPQ4wwQSAbf8AAAAcrHJ6emUSoBkHyBO66m8586/yDwAAwKEnAXZdETiFyr+FfwAAAEwqCbDcCdC5Au8QOwHyjvdp5h8AAICJ7wRYdAIcUhJA5R8AAIDp2rUToK6QL348/iRA+x60/QMAADB1yyRAxPHySrzZ7GknITDKJMDymr/Fe3in+fp2mc+/XL/fk5Ojvp89AAAA3Ksymy2SACl9LUc8aQLnpxudAGNJBFSB/+K1Lr62wf/fynz+pfp9Cv4BAACYqnJ2VicB8nz+Qo74S11FXyQBLpsfDz4J0FT969eYZ7PLMpu1C/9+XVL6TP3+mo4HAAAAmKy86gT4eIn4+bKFfnskYGiJgO6sf/X1nc7r/Ul5443n6vcVIfgHAACAzSC5RHy/RPyv2w2wnK0fThJg+XqqWwzqyv/i598uKb3SeS8P/QkDAABAR5nNlsFymc9fKBG/6izUW44F9HxTwKrdf3F9YdvuX52flZQ+W7/+09MHJeKBP2AAAAB4r+WAb775oKT0nRLx942xgMtO+31Vgb/rZEC3+yA3v399c0Hz7/9QIr61fP1a/gEAAOB6ukF0fvz4IyXihyXin8sZ+8W1ge8skwF3Mx6w1uZfz/ivOhKq88eS0nfL48fPdV63ln8AAAC4qdLZnl9ef/1jJaXvldmsqrgvgvBVV8C7nWTA6grB640LrFX48+rr5Y42/+r3+E2JeKW89tqHlq8tJYE/AAAA3EY5P3/QXhdY//Pp6VFJ6RslpbdyxD+6XQFtoJ5ns3ebDoE2OdAmCKqgvv7anPbfPa3/+zbY3/h+JeJPJeLHJaWv7BpXAAAAAPakWqrXXRRY/1xKnyopfb0OzquW/Ij/doL29UD+vU7za6oOgBzxnxLx+5LSWZnPv5rn849uvJaHOSVL/gAAAOCudwSUV1/darsvKT1fZrOXSsSPSko/zRG/LBG/KxF/LRH/rq/pi7iovuaIf5WIP5eI35aIX5SIt0rED0rEN0tKn9763qenH7TgDwAAAHrsCiiz2ZXV+HJ+/uHL+fyTJeL5ktIXSsQXS0qfLyl9Lkd8Is/ny1n+TfnsrP7+qv0AAAAwICWlRUIg4qicnNxoPr+cnR3Vvy7iYfV97u5VAgAAAHtXBfNVBb8J7B+ufa06CCIE+wAAAAAAAAAAAAAAAAAAAAAAAAAAAAAAAAAAAAAAAAAAAAAAAAAAAAAAAAAAAAAAAAAAAAAAAAAAAAAAAAAAAAAAAAAAAAAAAAAAAAAAAAAAAAAAAAAAAAAAAAAAAAAAAAAAAAAAAAAAAAAAAAAAAAAAAAAAAAAAAAAAAAAAAAAAAAAAAAAAAAAAAAAAAAAAAAAAAAAAAAAAAAAAAAAAAAAAAAAAAAAAAAAAAAAAAAAAAAAAAAAAAAAAAAAAAAAAAAAAAAAAAAAAAAAAAAAAAAAAAAAAAAAAAAAAAAAAAAAAAAAAAAAAAAAAAAAAAAAAAAAAAAAAAAAAAAAAAAAAAAAAAAAAAAAAAAAAAAAAAAAAAAAAAAAAAAAAAAAAAAAAAAAAAAAAAAAAAAAAAAAAAAAAAAAAAAAAAAAAAAAAAAAAAAAAAAAAAAAAAAAAAAAAAAAAAAAAAAAAAAAAAAAAAAAAAAAAAAAAAAAAAAAAAAAAAAAAAAAAAAAAAAAAAAAAAAAAAAAAAAAAAAAAAAAAAAAAAAAAAAAAAAAAAAAAAAAAAAAAAAAAAAAAAAAAAAAAAAAAAAAAAAAAAAAAAAAAAAAAAAAAAAAAAAAAAAAAAAAAAAAAAAAAAAAAAAAAAAAAAAAAAAAAAAAAAAAAAAAAAAAAAAAAAAAAAAAAAAAAAAAAAAAAAAAAAAAAAAAAAAAAAAAAAAAAAAAAAAAAAAAAAAAAAAAAAAAAAAAAAAAAAAAAAAAAAAAAAAAAAAAAAAAAAAAAAAAAAAAAAAAAAAAAAAAAAAAAAAAAAAAAAAAAAAAAAAAAAAAAAAAAAAAAAAAAAAAAAAAAAAAAAAAAAAAAAAAAAAAAAAAAAAAAAAAAAAAAAAAAAAAAAAAAAAAAAAAAAAAAAAAAAAAAAAAAAAAAAAAAAAAAAAAAAAAAAAAAAAAAAAAAAAAAAAAAAAAAAAAAAAAAAAAAAAAAAAAAAAAAAAAAAAAAAAAAAAAAAAAAAAAAAAAAAAAAAAAAAAAAAAAAAAAAAAAAAAAAAAAAAAAAAAAAAAAAAAAAAAAAAAAAAAAAAAAAAAAAAAAAAAAAAAAAAAAAAAAAAAAAAAAAAAAAAAAAAAAAAAAAAAAAAAAAAAAAAAAAAAAAAAAAAAAAAAAAAAAAAAAAAAAAAAAAAAAAAAAAAAAAAAAAAAAAAAAAAAAAAAAAAAAAAAAAAAAAAAAAAAAAAAAAAAAAAAAAAAAAAAAAAAAAAAAAAAAAAAAAAAAAAAAAAAAAAAAAAAAAAADAB57p/0wn957tDbZsAAAAAElFTkSuQmCC\\"/>
</svg>",
      "name": "favicon.svg",
    },
  ],
}
`;

exports[`should reuse svg as a favicon 1`] = `
Object {
  "files": Array [],
  "html": Array [
    "<link rel=\\"icon\\" type=\\"image/svg+xml\\" href=\\"/favicon.svg\\">",
  ],
  "images": Array [
    Object {
      "contents": "<svg xmlns=\\"http://www.w3.org/2000/svg\\" version=\\"1.1\\" viewBox=\\"0 0 1500 1500\\" width=\\"1500\\" height=\\"1500\\">
  <path fill=\\"#ff8c8c\\" fill-rule=\\"evenodd\\" stroke=\\"#ff8c8c\\" stroke-linecap=\\"round\\" stroke-linejoin=\\"round\\" stroke-width=\\"125\\" d=\\"M636.39443 914.97056L407.70197 686.75804l-81.36252 82.95151 310.61677 310.46155 537.00668-538.1103-83.356-82.94415z\\"/>
</svg>
",
      "name": "favicon.svg",
    },
  ],
}
`;
